[0.797s] DEBUG:colcon:Command line arguments: ['/usr/bin/colcon', 'build']
[0.797s] DEBUG:colcon:Parsed command line arguments: Namespace(log_base=None, log_level=None, verb_name='build', build_base='build', install_base='install', merge_install=False, symlink_install=False, test_result_base=None, continue_on_error=False, executor='parallel', parallel_workers=8, event_handlers=None, ignore_user_meta=False, metas=['./colcon.meta'], base_paths=['.'], packages_ignore=None, packages_ignore_regex=None, paths=None, packages_up_to=None, packages_up_to_regex=None, packages_above=None, packages_above_and_dependencies=None, packages_above_depth=None, packages_select_by_dep=None, packages_skip_by_dep=None, packages_skip_up_to=None, packages_select_build_failed=False, packages_skip_build_finished=False, packages_select_test_failures=False, packages_skip_test_passed=False, packages_select=None, packages_skip=None, packages_select_regex=None, packages_skip_regex=None, packages_start=None, packages_end=None, allow_overriding=[], cmake_args=None, cmake_target=None, cmake_target_skip_unavailable=False, cmake_clean_cache=False, cmake_clean_first=False, cmake_force_configure=False, ament_cmake_args=None, catkin_cmake_args=None, catkin_skip_building_tests=False, verb_parser=<colcon_defaults.argument_parser.defaults.DefaultArgumentsDecorator object at 0xffffa789cf40>, verb_extension=<colcon_core.verb.build.BuildVerb object at 0xffffa789ca30>, main=<bound method BuildVerb.main of <colcon_core.verb.build.BuildVerb object at 0xffffa789ca30>>)
[1.048s] Level 1:colcon.colcon_core.package_discovery:discover_packages(colcon_meta) check parameters
[1.048s] Level 1:colcon.colcon_core.package_discovery:discover_packages(recursive) check parameters
[1.049s] Level 1:colcon.colcon_core.package_discovery:discover_packages(ignore) check parameters
[1.049s] Level 1:colcon.colcon_core.package_discovery:discover_packages(path) check parameters
[1.049s] Level 1:colcon.colcon_core.package_discovery:discover_packages(colcon_meta) discover
[1.049s] Level 1:colcon.colcon_core.package_discovery:discover_packages(recursive) discover
[1.050s] INFO:colcon.colcon_core.package_discovery:Crawling recursively for packages in '/root/catkin_ws/src'
[1.050s] Level 1:colcon.colcon_core.package_identification:_identify(.) by extensions ['ignore', 'ignore_ament_install']
[1.051s] Level 1:colcon.colcon_core.package_identification:_identify(.) by extension 'ignore'
[1.051s] Level 1:colcon.colcon_core.package_identification:_identify(.) by extension 'ignore_ament_install'
[1.051s] Level 1:colcon.colcon_core.package_identification:_identify(.) by extensions ['colcon_pkg']
[1.052s] Level 1:colcon.colcon_core.package_identification:_identify(.) by extension 'colcon_pkg'
[1.052s] Level 1:colcon.colcon_core.package_identification:_identify(.) by extensions ['colcon_meta']
[1.052s] Level 1:colcon.colcon_core.package_identification:_identify(.) by extension 'colcon_meta'
[1.052s] Level 1:colcon.colcon_core.package_identification:_identify(.) by extensions ['ros']
[1.053s] Level 1:colcon.colcon_core.package_identification:_identify(.) by extension 'ros'
[1.146s] Level 1:colcon.colcon_core.package_identification:_identify(.) by extensions ['cmake', 'python']
[1.147s] Level 1:colcon.colcon_core.package_identification:_identify(.) by extension 'cmake'
[1.147s] Level 1:colcon.colcon_core.package_identification:_identify(.) by extension 'python'
[1.147s] Level 1:colcon.colcon_core.package_identification:_identify(.) by extensions ['python_setup_py']
[1.148s] Level 1:colcon.colcon_core.package_identification:_identify(.) by extension 'python_setup_py'
[1.148s] Level 1:colcon.colcon_core.package_identification:_identify(build) by extensions ['ignore', 'ignore_ament_install']
[1.149s] Level 1:colcon.colcon_core.package_identification:_identify(build) by extension 'ignore'
[1.149s] Level 1:colcon.colcon_core.package_identification:_identify(build) ignored
[1.150s] Level 1:colcon.colcon_core.package_identification:_identify(install) by extensions ['ignore', 'ignore_ament_install']
[1.150s] Level 1:colcon.colcon_core.package_identification:_identify(install) by extension 'ignore'
[1.150s] Level 1:colcon.colcon_core.package_identification:_identify(install) ignored
[1.151s] Level 1:colcon.colcon_core.package_identification:_identify(log) by extensions ['ignore', 'ignore_ament_install']
[1.151s] Level 1:colcon.colcon_core.package_identification:_identify(log) by extension 'ignore'
[1.152s] Level 1:colcon.colcon_core.package_identification:_identify(log) ignored
[1.152s] Level 1:colcon.colcon_core.package_identification:_identify(niryo_bot) by extensions ['ignore', 'ignore_ament_install']
[1.153s] Level 1:colcon.colcon_core.package_identification:_identify(niryo_bot) by extension 'ignore'
[1.153s] Level 1:colcon.colcon_core.package_identification:_identify(niryo_bot) by extension 'ignore_ament_install'
[1.153s] Level 1:colcon.colcon_core.package_identification:_identify(niryo_bot) by extensions ['colcon_pkg']
[1.153s] Level 1:colcon.colcon_core.package_identification:_identify(niryo_bot) by extension 'colcon_pkg'
[1.154s] Level 1:colcon.colcon_core.package_identification:_identify(niryo_bot) by extensions ['colcon_meta']
[1.154s] Level 1:colcon.colcon_core.package_identification:_identify(niryo_bot) by extension 'colcon_meta'
[1.154s] Level 1:colcon.colcon_core.package_identification:_identify(niryo_bot) by extensions ['ros']
[1.154s] Level 1:colcon.colcon_core.package_identification:_identify(niryo_bot) by extension 'ros'
[1.179s] DEBUG:colcon.colcon_core.package_identification:Package 'niryo_bot' with type 'ros.ament_cmake' and name 'niryo_bot'
[1.179s] Level 1:colcon.colcon_core.package_discovery:discover_packages(recursive) using defaults
[1.180s] Level 1:colcon.colcon_core.package_discovery:discover_packages(ignore) discover
[1.180s] Level 1:colcon.colcon_core.package_discovery:discover_packages(ignore) using defaults
[1.180s] Level 1:colcon.colcon_core.package_discovery:discover_packages(path) discover
[1.180s] Level 1:colcon.colcon_core.package_discovery:discover_packages(path) using defaults
[1.309s] Level 1:colcon.colcon_core.package_discovery:discover_packages(prefix_path) check parameters
[1.309s] Level 1:colcon.colcon_core.package_discovery:discover_packages(prefix_path) discover
[1.327s] DEBUG:colcon.colcon_installed_package_information.package_discovery:Found 276 installed packages in /opt/ros/humble
[1.339s] Level 1:colcon.colcon_core.package_discovery:discover_packages(prefix_path) using defaults
[1.618s] Level 5:colcon.colcon_core.verb:set package 'niryo_bot' build argument 'cmake_args' from command line to 'None'
[1.618s] Level 5:colcon.colcon_core.verb:set package 'niryo_bot' build argument 'cmake_target' from command line to 'None'
[1.618s] Level 5:colcon.colcon_core.verb:set package 'niryo_bot' build argument 'cmake_target_skip_unavailable' from command line to 'False'
[1.619s] Level 5:colcon.colcon_core.verb:set package 'niryo_bot' build argument 'cmake_clean_cache' from command line to 'False'
[1.619s] Level 5:colcon.colcon_core.verb:set package 'niryo_bot' build argument 'cmake_clean_first' from command line to 'False'
[1.619s] Level 5:colcon.colcon_core.verb:set package 'niryo_bot' build argument 'cmake_force_configure' from command line to 'False'
[1.619s] Level 5:colcon.colcon_core.verb:set package 'niryo_bot' build argument 'ament_cmake_args' from command line to 'None'
[1.619s] Level 5:colcon.colcon_core.verb:set package 'niryo_bot' build argument 'catkin_cmake_args' from command line to 'None'
[1.619s] Level 5:colcon.colcon_core.verb:set package 'niryo_bot' build argument 'catkin_skip_building_tests' from command line to 'False'
[1.620s] DEBUG:colcon.colcon_core.verb:Building package 'niryo_bot' with the following arguments: {'ament_cmake_args': None, 'build_base': '/root/catkin_ws/src/build/niryo_bot', 'catkin_cmake_args': None, 'catkin_skip_building_tests': False, 'cmake_args': None, 'cmake_clean_cache': False, 'cmake_clean_first': False, 'cmake_force_configure': False, 'cmake_target': None, 'cmake_target_skip_unavailable': False, 'install_base': '/root/catkin_ws/src/install/niryo_bot', 'merge_install': False, 'path': '/root/catkin_ws/src/niryo_bot', 'symlink_install': False, 'test_result_base': None}
[1.621s] INFO:colcon.colcon_core.executor:Executing jobs using 'parallel' executor
[1.625s] DEBUG:colcon.colcon_parallel_executor.executor.parallel:run_until_complete
[1.626s] INFO:colcon.colcon_ros.task.ament_cmake.build:Building ROS package in '/root/catkin_ws/src/niryo_bot' with build type 'ament_cmake'
[1.627s] INFO:colcon.colcon_cmake.task.cmake.build:Building CMake package in '/root/catkin_ws/src/niryo_bot'
[1.647s] INFO:colcon.colcon_core.plugin_system:Skipping extension 'colcon_core.shell.bat': Not used on non-Windows systems
[1.649s] INFO:colcon.colcon_core.shell:Skip shell extension 'powershell' for command environment: Not usable outside of PowerShell
[1.649s] DEBUG:colcon.colcon_core.shell:Skip shell extension 'dsv' for command environment
[1.680s] DEBUG:colcon.colcon_core.event_handler.log_command:Invoking command in '/root/catkin_ws/src/build/niryo_bot': CMAKE_PREFIX_PATH=/opt/ros/humble /usr/bin/cmake /root/catkin_ws/src/niryo_bot -DCMAKE_INSTALL_PREFIX=/root/catkin_ws/src/install/niryo_bot
[7.593s] DEBUG:colcon.colcon_core.event_handler.log_command:Invoked command in '/root/catkin_ws/src/build/niryo_bot' returned '0': CMAKE_PREFIX_PATH=/opt/ros/humble /usr/bin/cmake /root/catkin_ws/src/niryo_bot -DCMAKE_INSTALL_PREFIX=/root/catkin_ws/src/install/niryo_bot
[7.613s] DEBUG:colcon.colcon_core.event_handler.log_command:Invoking command in '/root/catkin_ws/src/build/niryo_bot': CMAKE_PREFIX_PATH=/opt/ros/humble /usr/bin/cmake --build /root/catkin_ws/src/build/niryo_bot -- -j8 -l8
[7.805s] DEBUG:colcon.colcon_core.event_handler.log_command:Invoked command in '/root/catkin_ws/src/build/niryo_bot' returned '0': CMAKE_PREFIX_PATH=/opt/ros/humble /usr/bin/cmake --build /root/catkin_ws/src/build/niryo_bot -- -j8 -l8
[7.858s] DEBUG:colcon.colcon_core.event_handler.log_command:Invoking command in '/root/catkin_ws/src/build/niryo_bot': CMAKE_PREFIX_PATH=/opt/ros/humble /usr/bin/cmake --install /root/catkin_ws/src/build/niryo_bot
[8.251s] Level 1:colcon.colcon_core.environment:create_environment_scripts_only(niryo_bot)
[8.254s] DEBUG:colcon.colcon_core.event_handler.log_command:Invoked command in '/root/catkin_ws/src/build/niryo_bot' returned '0': CMAKE_PREFIX_PATH=/opt/ros/humble /usr/bin/cmake --install /root/catkin_ws/src/build/niryo_bot
[8.281s] Level 1:colcon.colcon_core.environment:checking '/root/catkin_ws/src/install/niryo_bot' for CMake module files
[8.284s] Level 1:colcon.colcon_core.environment:checking '/root/catkin_ws/src/install/niryo_bot' for CMake config files
[8.285s] Level 1:colcon.colcon_core.shell:create_environment_hook('niryo_bot', 'cmake_prefix_path')
[8.287s] INFO:colcon.colcon_core.shell:Creating environment hook '/root/catkin_ws/src/install/niryo_bot/share/niryo_bot/hook/cmake_prefix_path.ps1'
[8.292s] INFO:colcon.colcon_core.shell:Creating environment descriptor '/root/catkin_ws/src/install/niryo_bot/share/niryo_bot/hook/cmake_prefix_path.dsv'
[8.295s] INFO:colcon.colcon_core.shell:Creating environment hook '/root/catkin_ws/src/install/niryo_bot/share/niryo_bot/hook/cmake_prefix_path.sh'
[8.302s] Level 1:colcon.colcon_core.environment:checking '/root/catkin_ws/src/install/niryo_bot/bin'
[8.302s] Level 1:colcon.colcon_core.environment:checking '/root/catkin_ws/src/install/niryo_bot/lib/pkgconfig/niryo_bot.pc'
[8.304s] Level 1:colcon.colcon_core.environment:checking '/root/catkin_ws/src/install/niryo_bot/lib/python3.10/site-packages'
[8.306s] Level 1:colcon.colcon_core.environment:checking '/root/catkin_ws/src/install/niryo_bot/bin'
[8.308s] INFO:colcon.colcon_core.shell:Creating package script '/root/catkin_ws/src/install/niryo_bot/share/niryo_bot/package.ps1'
[8.314s] INFO:colcon.colcon_core.shell:Creating package descriptor '/root/catkin_ws/src/install/niryo_bot/share/niryo_bot/package.dsv'
[8.318s] INFO:colcon.colcon_core.shell:Creating package script '/root/catkin_ws/src/install/niryo_bot/share/niryo_bot/package.sh'
[8.327s] INFO:colcon.colcon_core.shell:Creating package script '/root/catkin_ws/src/install/niryo_bot/share/niryo_bot/package.bash'
[8.333s] INFO:colcon.colcon_core.shell:Creating package script '/root/catkin_ws/src/install/niryo_bot/share/niryo_bot/package.zsh'
[8.339s] Level 1:colcon.colcon_core.environment:create_file_with_runtime_dependencies(/root/catkin_ws/src/install/niryo_bot/share/colcon-core/packages/niryo_bot)
[8.344s] Level 1:colcon.colcon_core.environment:create_environment_scripts_only(niryo_bot)
[8.345s] Level 1:colcon.colcon_core.environment:checking '/root/catkin_ws/src/install/niryo_bot' for CMake module files
[8.349s] Level 1:colcon.colcon_core.environment:checking '/root/catkin_ws/src/install/niryo_bot' for CMake config files
[8.349s] Level 1:colcon.colcon_core.shell:create_environment_hook('niryo_bot', 'cmake_prefix_path')
[8.351s] INFO:colcon.colcon_core.shell:Creating environment hook '/root/catkin_ws/src/install/niryo_bot/share/niryo_bot/hook/cmake_prefix_path.ps1'
[8.353s] INFO:colcon.colcon_core.shell:Creating environment descriptor '/root/catkin_ws/src/install/niryo_bot/share/niryo_bot/hook/cmake_prefix_path.dsv'
[8.355s] INFO:colcon.colcon_core.shell:Creating environment hook '/root/catkin_ws/src/install/niryo_bot/share/niryo_bot/hook/cmake_prefix_path.sh'
[8.358s] Level 1:colcon.colcon_core.environment:checking '/root/catkin_ws/src/install/niryo_bot/bin'
[8.359s] Level 1:colcon.colcon_core.environment:checking '/root/catkin_ws/src/install/niryo_bot/lib/pkgconfig/niryo_bot.pc'
[8.360s] Level 1:colcon.colcon_core.environment:checking '/root/catkin_ws/src/install/niryo_bot/lib/python3.10/site-packages'
[8.362s] Level 1:colcon.colcon_core.environment:checking '/root/catkin_ws/src/install/niryo_bot/bin'
[8.364s] INFO:colcon.colcon_core.shell:Creating package script '/root/catkin_ws/src/install/niryo_bot/share/niryo_bot/package.ps1'
[8.368s] INFO:colcon.colcon_core.shell:Creating package descriptor '/root/catkin_ws/src/install/niryo_bot/share/niryo_bot/package.dsv'
[8.371s] INFO:colcon.colcon_core.shell:Creating package script '/root/catkin_ws/src/install/niryo_bot/share/niryo_bot/package.sh'
[8.373s] INFO:colcon.colcon_core.shell:Creating package script '/root/catkin_ws/src/install/niryo_bot/share/niryo_bot/package.bash'
[8.376s] INFO:colcon.colcon_core.shell:Creating package script '/root/catkin_ws/src/install/niryo_bot/share/niryo_bot/package.zsh'
[8.378s] Level 1:colcon.colcon_core.environment:create_file_with_runtime_dependencies(/root/catkin_ws/src/install/niryo_bot/share/colcon-core/packages/niryo_bot)
[8.380s] DEBUG:colcon.colcon_parallel_executor.executor.parallel:closing loop
[8.381s] DEBUG:colcon.colcon_parallel_executor.executor.parallel:loop closed
[8.381s] DEBUG:colcon.colcon_parallel_executor.executor.parallel:run_until_complete finished with '0'
[8.382s] DEBUG:colcon.colcon_core.event_reactor:joining thread
[8.410s] INFO:colcon.colcon_core.plugin_system:Skipping extension 'colcon_notification.desktop_notification.notify_send': Could not find 'notify-send'
[8.411s] INFO:colcon.colcon_core.plugin_system:Skipping extension 'colcon_notification.desktop_notification.terminal_notifier': Not used on non-Darwin systems
[8.411s] INFO:colcon.colcon_core.plugin_system:Skipping extension 'colcon_notification.desktop_notification.win32': Not used on non-Windows systems
[8.412s] INFO:colcon.colcon_notification.desktop_notification:Sending desktop notification using 'notify2'
[8.551s] DEBUG:colcon.colcon_core.event_reactor:joined thread
[8.554s] INFO:colcon.colcon_core.shell:Creating prefix script '/root/catkin_ws/src/install/local_setup.ps1'
[8.562s] INFO:colcon.colcon_core.shell:Creating prefix util module '/root/catkin_ws/src/install/_local_setup_util_ps1.py'
[8.574s] INFO:colcon.colcon_core.shell:Creating prefix chain script '/root/catkin_ws/src/install/setup.ps1'
[8.581s] INFO:colcon.colcon_core.shell:Creating prefix script '/root/catkin_ws/src/install/local_setup.sh'
[8.585s] INFO:colcon.colcon_core.shell:Creating prefix util module '/root/catkin_ws/src/install/_local_setup_util_sh.py'
[8.589s] INFO:colcon.colcon_core.shell:Creating prefix chain script '/root/catkin_ws/src/install/setup.sh'
[8.597s] INFO:colcon.colcon_core.shell:Creating prefix script '/root/catkin_ws/src/install/local_setup.bash'
[8.600s] INFO:colcon.colcon_core.shell:Creating prefix chain script '/root/catkin_ws/src/install/setup.bash'
[8.607s] INFO:colcon.colcon_core.shell:Creating prefix script '/root/catkin_ws/src/install/local_setup.zsh'
[8.612s] INFO:colcon.colcon_core.shell:Creating prefix chain script '/root/catkin_ws/src/install/setup.zsh'
